// Jest Snapshot v1, https://goo.gl/fbAQLP

exports[`<FormInput> should render component 1`] = `
<div
  className="mt-3"
>
  <label
    className="form-label"
  />
  <input
    className="form-control "
    type="text"
  />
</div>
`;
