// Jest Snapshot v1, https://goo.gl/fbAQLP

exports[`<SearchInput> should render component 1`] = `
<div
  className="search-input"
>
  <input
    className="form-control "
    onBlur={[Function]}
    onChange={[Function]}
    onFocus={[Function]}
    type="text"
    value=""
  />
</div>
`;
